INFO     core.config:config.py:483 ✅ Configuration loaded and validated successfully
